<?xml version="1.0" encoding="UTF-8"?>
<testsuites name="jest tests" tests="2" failures="1" errors="0" time="0.018">
  <testsuite name="ExampleSuite" tests="2" failures="1" errors="0" skipped="0">
    <testcase classname="ExampleTest" name="testPass"/>
    <testcase classname="ExampleTest" name="testFail">
      <failure message="expected:&lt;true&gt; but was:&lt;false&gt;"/>
    </testcase>
  </testsuite>
</testsuites>